Component: ARM Compiler 5.06 update 7 (build 960) Tool: armlink [4d3601]

==============================================================================

Section Cross References

    main.o(.text) refers to service.o(.text) for BSP_init
    main.o(.text) refers to printfa.o(i.__0printf) for __2printf
    main.o(.text) refers to ec20.o(.text) for EC20_INIT
    main.o(.text) refers to delay.o(.text) for delay_ms
    main.o(.text) refers to main.o(.data) for errcont
    system_stm32f10x.o(.text) refers to system_stm32f10x.o(.data) for SystemCoreClock
    service.o(.text) refers to sys.o(.text) for NVIC_Configuration
    service.o(.text) refers to led.o(.text) for GPIOINIT
    service.o(.text) refers to bsp_usart.o(.text) for DEBUG_USART_Config
    service.o(.text) refers to usart2.o(.text) for USART2_Init
    service.o(.text) refers to usart4.o(.text) for RS485_Init
    service.o(.text) refers to printfa.o(i.__0printf) for __2printf
    service.o(.text) refers to delay.o(.text) for delay_init
    service.o(.text) refers to strlen.o(.text) for strlen
    service.o(.text) refers to cjson.o(.text) for cJSON_Parse
    service.o(.text) refers to memseta.o(.text) for __aeabi_memclr
    service.o(.text) refers to atoi.o(.text) for atoi
    service.o(.text) refers to strstr.o(.text) for strstr
    service.o(.text) refers to memcpya.o(.text) for __aeabi_memcpy
    service.o(.text) refers to ec20.o(.text) for check_cmd
    service.o(.text) refers to printfa.o(i.__0sprintf) for __2sprintf
    service.o(.text) refers to strncat.o(.text) for strncat
    service.o(.text) refers to mallocr.o(i.__free$realloc) for free
    service.o(.text) refers to modbus.o(.text) for crc16
    service.o(.text) refers to service.o(.bss) for RS485SEND
    service.o(.text) refers to service.o(.data) for p_command
    service.o(.text) refers to usart2.o(.bss) for USART2_RX_BUF
    service.o(.text) refers to usart2.o(.data) for USART2_RX_STA
    key.o(.text) refers to stm32f10x_rcc.o(.text) for RCC_APB2PeriphClockCmd
    key.o(.text) refers to stm32f10x_gpio.o(.text) for GPIO_PinRemapConfig
    key.o(.text) refers to delay.o(.text) for delay_ms
    key.o(.text) refers to key.o(.data) for key_up
    led.o(.text) refers to stm32f10x_rcc.o(.text) for RCC_APB2PeriphClockCmd
    led.o(.text) refers to stm32f10x_gpio.o(.text) for GPIO_Init
    led.o(.text) refers to delay.o(.text) for delay_ms
    usart2.o(.text) refers to stm32f10x_tim.o(.text) for TIM_SetCounter
    usart2.o(.text) refers to stm32f10x_usart.o(.text) for USART_GetITStatus
    usart2.o(.text) refers to stm32f10x_rcc.o(.text) for RCC_APB1PeriphClockCmd
    usart2.o(.text) refers to misc.o(.text) for NVIC_Init
    usart2.o(.text) refers to stm32f10x_dma.o(.text) for DMA_DeInit
    usart2.o(.text) refers to stm32f10x_gpio.o(.text) for GPIO_Init
    usart2.o(.text) refers to printfa.o(i.__0vsprintf) for __c89vsprintf
    usart2.o(.text) refers to strlen.o(.text) for strlen
    usart2.o(.text) refers to usart2.o(.data) for USART2_RX_STA
    usart2.o(.text) refers to usart2.o(.bss) for USART2_RX_BUF
    modbus.o(.text) refers to modbus.o(.constdata) for auchCRCHi
    ec20.o(.text) refers to strstr.o(.text) for strstr
    ec20.o(.text) refers to printfa.o(i.__0printf) for __2printf
    ec20.o(.text) refers to usart2.o(.text) for u2_printf
    ec20.o(.text) refers to delay.o(.text) for delay_ms
    ec20.o(.text) refers to memseta.o(.text) for __aeabi_memclr
    ec20.o(.text) refers to printfa.o(i.__0sprintf) for __2sprintf
    ec20.o(.text) refers to usart2.o(.data) for USART2_RX_STA
    ec20.o(.text) refers to usart2.o(.bss) for USART2_RX_BUF
    ec20.o(.text) refers to ec20.o(.bss) for EC20CSQ
    ec20.o(.text) refers to ec20.o(.data) for MQTTVAL
    usart4.o(.text) refers to stm32f10x_usart.o(.text) for USART_GetITStatus
    usart4.o(.text) refers to stm32f10x_rcc.o(.text) for RCC_APB1PeriphClockCmd
    usart4.o(.text) refers to stm32f10x_gpio.o(.text) for GPIO_Init
    usart4.o(.text) refers to misc.o(.text) for NVIC_Init
    usart4.o(.text) refers to delay.o(.text) for delay_ms
    usart4.o(.text) refers to usart4.o(.data) for RS485_RX_CNT
    usart4.o(.text) refers to usart4.o(.bss) for RS485_RX_BUF
    usart4.o(.text) refers to service.o(.data) for RS485_received
    delay.o(.text) refers to misc.o(.text) for SysTick_CLKSourceConfig
    delay.o(.text) refers to system_stm32f10x.o(.data) for SystemCoreClock
    delay.o(.text) refers to delay.o(.data) for fac_us
    sys.o(.text) refers to misc.o(.text) for NVIC_PriorityGroupConfig
    bsp_usart.o(.text) refers to stm32f10x_rcc.o(.text) for RCC_APB2PeriphClockCmd
    bsp_usart.o(.text) refers to stm32f10x_gpio.o(.text) for GPIO_Init
    bsp_usart.o(.text) refers to stm32f10x_usart.o(.text) for USART_Init
    startup_stm32f10x_hd.o(RESET) refers to startup_stm32f10x_hd.o(STACK) for __initial_sp
    startup_stm32f10x_hd.o(RESET) refers to startup_stm32f10x_hd.o(.text) for Reset_Handler
[...]
    ..\SYSTEM\CJSON\cJSON_Utils.c            0x00000000   Number         0  cjson_utils.o ABSOLUTE
    ..\SYSTEM\bsp_uart\bsp_usart.c           0x00000000   Number         0  bsp_usart.o ABSOLUTE
    ..\SYSTEM\delay\delay.c                  0x00000000   Number         0  delay.o ABSOLUTE
    ..\SYSTEM\sys\sys.c                      0x00000000   Number         0  sys.o ABSOLUTE
    ..\\CM3\\core_cm3.c                      0x00000000   Number         0  core_cm3.o ABSOLUTE
    cdcmple.s                                0x00000000   Number         0  cdcmple.o ABSOLUTE
    cdrcmple.s                               0x00000000   Number         0  cdrcmple.o ABSOLUTE
    dc.s                                     0x00000000   Number         0  dc.o ABSOLUTE
    handlers.s                               0x00000000   Number         0  handlers.o ABSOLUTE
    init.s                                   0x00000000   Number         0  init.o ABSOLUTE
    main.c                                   0x00000000   Number         0  main.o ABSOLUTE
    service.c                                0x00000000   Number         0  service.o ABSOLUTE
    stm32f10x_it.c                           0x00000000   Number         0  stm32f10x_it.o ABSOLUTE
    system_stm32f10x.c                       0x00000000   Number         0  system_stm32f10x.o ABSOLUTE
    RESET                                    0x08000000   Section      304  startup_stm32f10x_hd.o(RESET)
    .ARM.Collect$$$$00000000                 0x08000130   Section        0  entry.o(.ARM.Collect$$$$00000000)
    .ARM.Collect$$$$00000001                 0x08000130   Section        4  entry2.o(.ARM.Collect$$$$00000001)
    .ARM.Collect$$$$00000004                 0x08000134   Section        4  entry5.o(.ARM.Collect$$$$00000004)
    .ARM.Collect$$$$00000008                 0x08000138   Section        0  entry7b.o(.ARM.Collect$$$$00000008)
    .ARM.Collect$$$$0000000A                 0x08000138   Section        0  entry8b.o(.ARM.Collect$$$$0000000A)
    .ARM.Collect$$$$0000000B                 0x08000138   Section        8  entry9a.o(.ARM.Collect$$$$0000000B)
    .ARM.Collect$$$$0000000E                 0x08000140   Section        4  entry12b.o(.ARM.Collect$$$$0000000E)
    .ARM.Collect$$$$0000000F                 0x08000144   Section        0  entry10a.o(.ARM.Collect$$$$0000000F)
    .ARM.Collect$$$$00000011                 0x08000144   Section        0  entry11a.o(.ARM.Collect$$$$00000011)
    .ARM.Collect$$$$00002712                 0x08000144   Section        4  entry2.o(.ARM.Collect$$$$00002712)
    __lit__00000000                          0x08000144   Data           4  entry2.o(.ARM.Collect$$$$00002712)
    .text                                    0x08000148   Section        0  main.o(.text)
    NVIC_SystemReset                         0x080001db   Thumb Code    26  main.o(.text)
    .text                                    0x08000268   Section        0  stm32f10x_it.o(.text)
    .text                                    0x08000284   Section        0  system_stm32f10x.o(.text)
    SetSysClockTo72                          0x08000285   Thumb Code   214  system_stm32f10x.o(.text)
    SetSysClock                              0x0800035b   Thumb Code     8  system_stm32f10x.o(.text)
    .text                                    0x08000464   Section        0  service.o(.text)
    .text                                    0x08000a88   Section        0  led.o(.text)
    .text                                    0x08000ad0   Section        0  usart2.o(.text)
    .text                                    0x08000db4   Section        0  modbus.o(.text)
    .text                                    0x08000dec   Section        0  ec20.o(.text)
    .text                                    0x0800143c   Section        0  usart4.o(.text)
    .text                                    0x080015d8   Section        0  delay.o(.text)
    .text                                    0x080016ac   Section        0  sys.o(.text)
    .text                                    0x080016b8   Section        0  bsp_usart.o(.text)
    .text                                    0x080017cc   Section       36  startup_stm32f10x_hd.o(.text)
    .text                                    0x080017f0   Section        0  misc.o(.text)
    .text                                    0x080018cc   Section        0  stm32f10x_gpio.o(.text)
    .text                                    0x08001c28   Section        0  stm32f10x_rcc.o(.text)
    .text                                    0x08001fcc   Section        0  stm32f10x_usart.o(.text)
    .text                                    0x080023d4   Section        0  stm32f10x_tim.o(.text)
    TI4_Config                               0x0800287b   Thumb Code   130  stm32f10x_tim.o(.text)
    TI3_Config                               0x0800290f   Thumb Code   122  stm32f10x_tim.o(.text)
    TI2_Config                               0x080029a3   Thumb Code   130  stm32f10x_tim.o(.text)
    TI1_Config                               0x08002a37   Thumb Code   108  stm32f10x_tim.o(.text)
    .text                                    0x080031f0   Section        0  stm32f10x_dma.o(.text)
    .text                                    0x08003444   Section        0  cjson.o(.text)
    case_insensitive_strcmp                  0x08003491   Thumb Code    72  cjson.o(.text)
    cJSON_strdup                             0x080034d9   Thumb Code    56  cjson.o(.text)
    cJSON_New_Item                           0x08003563   Thumb Code    26  cjson.o(.text)
    get_decimal_point                        0x080035d1   Thumb Code     4  cjson.o(.text)
    parse_number                             0x080035d5   Thumb Code   298  cjson.o(.text)
    ensure                                   0x08003747   Thumb Code   186  cjson.o(.text)
    update_offset                            0x08003801   Thumb Code    84  cjson.o(.text)
    print_number                             0x08003855   Thumb Code   216  cjson.o(.text)
    parse_hex4                               0x0800392d   Thumb Code    90  cjson.o(.text)
    utf16_literal_to_utf8                    0x08003987   Thumb Code   300  cjson.o(.text)
    parse_string                             0x08003ab3   Thumb Code   396  cjson.o(.text)
    print_string_ptr                         0x08003c3f   Thumb Code   394  cjson.o(.text)
    print_string                             0x08003dc9   Thumb Code    16  cjson.o(.text)
    buffer_skip_whitespace                   0x08003dd9   Thumb Code    58  cjson.o(.text)
    skip_utf8_bom                            0x08003e13   Thumb Code    56  cjson.o(.text)
    parse_object                             0x08003e4b   Thumb Code   314  cjson.o(.text)
    parse_array                              0x08003f85   Thumb Code   244  cjson.o(.text)
    parse_value                              0x08004079   Thumb Code   322  cjson.o(.text)
    print_object                             0x08004297   Thumb Code   372  cjson.o(.text)
    print_array                              0x0800440b   Thumb Code   178  cjson.o(.text)
    print_value                              0x080044bd   Thumb Code   252  cjson.o(.text)
    print                                    0x080045b9   Thumb Code   178  cjson.o(.text)
    get_array_item                           0x08004741   Thumb Code    30  cjson.o(.text)
    get_object_item                          0x08004777   Thumb Code    82  cjson.o(.text)
    suffix_object                            0x08004805   Thumb Code     6  cjson.o(.text)
    create_reference                         0x0800480b   Thumb Code    60  cjson.o(.text)
    add_item_to_array                        0x08004847   Thumb Code    46  cjson.o(.text)
    cast_away_const                          0x08004885   Thumb Code     2  cjson.o(.text)
    add_item_to_object                       0x08004887   Thumb Code   118  cjson.o(.text)
    replace_item_in_object                   0x08004de3   Thumb Code    84  cjson.o(.text)
    .text                                    0x08005434   Section        0  tolower.o(.text)
    .text                                    0x08005440   Section        0  memcpya.o(.text)
    .text                                    0x08005464   Section        0  memseta.o(.text)
    .text                                    0x08005488   Section        0  strstr.o(.text)
    .text                                    0x080054ac   Section        0  strlen.o(.text)
    .text                                    0x080054ba   Section        0  strcmp.o(.text)
    .text                                    0x080054d6   Section        0  strncat.o(.text)
    .text                                    0x080054fe   Section        0  strcpy.o(.text)
    .text                                    0x08005510   Section        0  strncmp.o(.text)
    .text                                    0x08005530   Section        0  __0sscanf.o(.text)
    .text                                    0x08005568   Section        0  scanf_fp.o(.text)
    _fp_value                                0x08005569   Thumb Code   296  scanf_fp.o(.text)
    .text                                    0x080058c8   Section        0  atoi.o(.text)
    .text                                    0x080058e2   Section        0  dmul.o(.text)
    .text                                    0x080059c6   Section        0  dflti.o(.text)
    .text                                    0x080059e8   Section        0  dfixi.o(.text)
    .text                                    0x08005a26   Section        0  f2d.o(.text)
    .text                                    0x08005a4c   Section       48  cdcmple.o(.text)
    .text                                    0x08005a7c   Section       48  cdrcmple.o(.text)
    .text                                    0x08005aac   Section        0  uidiv.o(.text)
    .text                                    0x08005ad8   Section        0  uldiv.o(.text)
    .text                                    0x08005b3a   Section        0  llushr.o(.text)
    .text                                    0x08005b5c   Section        0  scanf_char.o(.text)
    _scanf_char_input                        0x08005b5d   Thumb Code    12  scanf_char.o(.text)
    .text                                    0x08005b84   Section        0  _sgetc.o(.text)
    .text                                    0x08005bc4   Section        0  strtod.o(.text)
    _local_sscanf                            0x08005bc5   Thumb Code    54  strtod.o(.text)
    .text                                    0x08005c60   Section        0  strtol.o(.text)
    .text                                    0x08005cd0   Section        0  iusefp.o(.text)
    .text                                    0x08005cd0   Section        0  depilogue.o(.text)
    .text                                    0x08005d8a   Section        0  dadd.o(.text)
    .text                                    0x08005ed8   Section        0  ddiv.o(.text)
    .text                                    0x08005fb6   Section        0  dfltul.o(.text)
    .text                                    0x08005fce   Section        0  dfixul.o(.text)
    .text                                    0x08005ffe   Section        0  d2f.o(.text)
    .text                                    0x08006038   Section       36  init.o(.text)
    .text                                    0x0800605c   Section        0  llshl.o(.text)
    .text                                    0x0800607a   Section        0  llsshr.o(.text)
    .text                                    0x080060a0   Section        0  ctype_o.o(.text)
    .text                                    0x080060a8   Section        0  isspace_o.o(.text)
    .text                                    0x080060bc   Section        0  _scanf.o(.text)
    .text                                    0x080063ec   Section        0  _strtoul.o(.text)
    .text                                    0x0800648a   Section        0  fepilogue.o(.text)
    .text                                    0x080064f8   Section        0  _chval.o(.text)
    i.__0printf                              0x08006514   Section        0  printfa.o(i.__0printf)
    i.__0sprintf                             0x08006534   Section        0  printfa.o(i.__0sprintf)
    i.__0vsprintf                            0x0800655c   Section        0  printfa.o(i.__0vsprintf)
    i.__aeabi_errno_addr                     0x08006580   Section        0  errno.o(i.__aeabi_errno_addr)
    i.__free$realloc                         0x08006588   Section        0  mallocr.o(i.__free$realloc)
    i.__malloc$realloc                       0x080065e4   Section        0  mallocr.o(i.__malloc$realloc)
    i.__scatterload_copy                     0x08006634   Section       14  handlers.o(i.__scatterload_copy)
    i.__scatterload_null                     0x08006642   Section        2  handlers.o(i.__scatterload_null)
    i.__scatterload_zeroinit                 0x08006644   Section       14  handlers.o(i.__scatterload_zeroinit)
    i._fp_digits                             0x08006654   Section        0  printfa.o(i._fp_digits)
    _fp_digits                               0x08006655   Thumb Code   366  printfa.o(i._fp_digits)
    i._is_digit                              0x080067d8   Section        0  scanf_fp.o(i._is_digit)
    i._printf_core                           0x080067e8   Section        0  printfa.o(i._printf_core)
    _printf_core                             0x080067e9   Thumb Code  1704  printfa.o(i._printf_core)
    i._printf_post_padding                   0x08006e9c   Section        0  printfa.o(i._printf_post_padding)
    _printf_post_padding                     0x08006e9d   Thumb Code    36  printfa.o(i._printf_post_padding)
    i._printf_pre_padding                    0x08006ec0   Section        0  printfa.o(i._printf_pre_padding)
    _printf_pre_padding                      0x08006ec1   Thumb Code    46  printfa.o(i._printf_pre_padding)
    i._sputc                                 0x08006eee   Section        0  printfa.o(i._sputc)
    _sputc                                   0x08006eef   Thumb Code    10  printfa.o(i._sputc)
    i.internal_alloc                         0x08006ef8   Section        0  mallocr.o(i.internal_alloc)
    internal_alloc                           0x08006ef9   Thumb Code    76  mallocr.o(i.internal_alloc)
    i.realloc                                0x08006f48   Section        0  mallocr.o(i.realloc)
    i.strtod                                 0x08006fb4   Section        0  strtod.o(i.strtod)
    .constdata                               0x08006fd0   Section      512  modbus.o(.constdata)
    .constdata                               0x080071d0   Section      129  ctype_o.o(.constdata)
    .constdata                               0x08007254   Section        4  ctype_o.o(.constdata)
    table                                    0x08007254   Data           4  ctype_o.o(.constdata)
    .data                                    0x20000000   Section        5  main.o(.data)
    .data                                    0x20000008   Section       20  system_stm32f10x.o(.data)
    .data                                    0x2000001c   Section       21  service.o(.data)
    .data                                    0x20000032   Section        5  usart2.o(.data)
    i                                        0x20000036   Data           1  usart2.o(.data)
    .data                                    0x20000038   Section        5  ec20.o(.data)
    .data                                    0x2000003e   Section        3  usart4.o(.data)
    .data                                    0x20000042   Section        4  delay.o(.data)
    fac_us                                   0x20000042   Data           1  delay.o(.data)
    fac_ms                                   0x20000044   Data           2  delay.o(.data)
    .data                                    0x20000046   Section       20  stm32f10x_rcc.o(.data)
    APBAHBPrescTable                         0x20000046   Data          16  stm32f10x_rcc.o(.data)
    ADCPrescTable                            0x20000056   Data           4  stm32f10x_rcc.o(.data)
    .data                                    0x2000005c   Section       20  cjson.o(.data)
    global_error                             0x2000005c   Data           8  cjson.o(.data)
    global_hooks                             0x20000064   Data          12  cjson.o(.data)
    .data                                    0x20000070   Section        4  stdout.o(.data)
    .data                                    0x20000074   Section        4  mvars.o(.data)
    .data                                    0x20000078   Section        4  mvars.o(.data)
    .data                                    0x2000007c   Section        4  errno.o(.data)
    _errno                                   0x2000007c   Data           4  errno.o(.data)
    .bss                                     0x20000080   Section     2436  service.o(.bss)
    .bss                                     0x20000a08   Section     2048  usart2.o(.bss)
    .bss                                     0x20001208   Section      510  ec20.o(.bss)
    .bss                                     0x20001406   Section      512  usart4.o(.bss)
    .bss                                     0x20001606   Section       15  cjson.o(.bss)
    version                                  0x20001606   Data          15  cjson.o(.bss)
    HEAP                                     0x20001618   Section    16384  startup_stm32f10x_hd.o(HEAP)
    STACK                                    0x20005618   Section    16384  startup_stm32f10x_hd.o(STACK)

    Global Symbols

    Symbol Name                              Value     Ov Type        Size  Object(Section)

    BuildAttributes$$THM_ISAv4$P$D$K$B$S$PE$A:L22UL41UL21$X:L11$S22US41US21$IEEE1$IW$USESV6$~STKCKD$USESV7$~SHL$OTIME$ROPI$IEEEJ$EBA8$MICROLIB$REQ8$PRES8$EABIv2 0x00000000   Number         0  anon$$obj.o ABSOLUTE
    __ARM_use_no_argv                        0x00000000   Number         0  main.o ABSOLUTE
    _printf_a                                0x00000000   Number         0  stubs.o ABSOLUTE
    _printf_c                                0x00000000   Number         0  stubs.o ABSOLUTE
    _printf_charcount                        0x00000000   Number         0  stubs.o ABSOLUTE
    _printf_d                                0x00000000   Number         0  stubs.o ABSOLUTE
    _printf_e                                0x00000000   Number         0  stubs.o ABSOLUTE
    _printf_f                                0x00000000   Number         0  stubs.o ABSOLUTE
    _printf_flags                            0x00000000   Number         0  stubs.o ABSOLUTE
    _printf_fp_dec                           0x00000000   Number         0  stubs.o ABSOLUTE
    _printf_fp_hex                           0x00000000   Number         0  stubs.o ABSOLUTE
    _printf_g                                0x00000000   Number         0  stubs.o ABSOLUTE
    _printf_i                                0x00000000   Number         0  stubs.o ABSOLUTE
    _printf_int_dec                          0x00000000   Number         0  stubs.o ABSOLUTE
    _printf_l                                0x00000000   Number         0  stubs.o ABSOLUTE
    _printf_lc                               0x00000000   Number         0  stubs.o ABSOLUTE
    _printf_ll                               0x00000000   Number         0  stubs.o ABSOLUTE
    _printf_lld                              0x00000000   Number         0  stubs.o ABSOLUTE
    _printf_lli                              0x00000000   Number         0  stubs.o ABSOLUTE
    _printf_llo                              0x00000000   Number         0  stubs.o ABSOLUTE
    _printf_llu                              0x00000000   Number         0  stubs.o ABSOLUTE
    _printf_llx                              0x00000000   Number         0  stubs.o ABSOLUTE
    _printf_longlong_dec                     0x00000000   Number         0  stubs.o ABSOLUTE
    _printf_longlong_hex                     0x00000000   Number         0  stubs.o ABSOLUTE
    _printf_longlong_oct                     0x00000000   Number         0  stubs.o ABSOLUTE
    _printf_ls                               0x00000000   Number         0  stubs.o ABSOLUTE
    _printf_mbtowc                           0x00000000   Number         0  stubs.o ABSOLUTE
    _printf_n                                0x00000000   Number         0  stubs.o ABSOLUTE
    _printf_o                                0x00000000   Number         0  stubs.o ABSOLUTE
    _printf_p                                0x00000000   Number         0  stubs.o ABSOLUTE
    _printf_percent                          0x00000000   Number         0  stubs.o ABSOLUTE
    _printf_pre_padding                      0x00000000   Number         0  stubs.o ABSOLUTE
    _printf_return_value                     0x00000000   Number         0  stubs.o ABSOLUTE
    _printf_s                                0x00000000   Number         0  stubs.o ABSOLUTE
    _printf_sizespec                         0x00000000   Number         0  stubs.o ABSOLUTE
    _printf_str                              0x00000000   Number         0  stubs.o ABSOLUTE
    _printf_truncate_signed                  0x00000000   Number         0  stubs.o ABSOLUTE
    _printf_truncate_unsigned                0x00000000   Number         0  stubs.o ABSOLUTE
    _printf_u                                0x00000000   Number         0  stubs.o ABSOLUTE
    _printf_wc                               0x00000000   Number         0  stubs.o ABSOLUTE
    _printf_wctomb                           0x00000000   Number         0  stubs.o ABSOLUTE
    _printf_widthprec                        0x00000000   Number         0  stubs.o ABSOLUTE
    _printf_x                                0x00000000   Number         0  stubs.o ABSOLUTE
    __arm_fini_                               - Undefined Weak Reference
    __cpp_initialize__aeabi_                  - Undefined Weak Reference
    __cxa_finalize                            - Undefined Weak Reference
    __decompress                              - Undefined Weak Reference
    _clock_init                               - Undefined Weak Reference
    _microlib_exit                            - Undefined Weak Reference
    _scanf_int                                - Undefined Weak Reference
    _scanf_longlong                           - Undefined Weak Reference
    _scanf_string                             - Undefined Weak Reference
    __Vectors_Size                           0x00000130   Number         0  startup_stm32f10x_hd.o ABSOLUTE
    __Vectors                                0x08000000   Data           4  startup_stm32f10x_hd.o(RESET)
    __Vectors_End                            0x08000130   Data           0  startup_stm32f10x_hd.o(RESET)
    __main                                   0x08000131   Thumb Code     0  entry.o(.ARM.Collect$$$$00000000)
    _main_stk                                0x08000131   Thumb Code     0  entry2.o(.ARM.Collect$$$$00000001)
    _main_scatterload                        0x08000135   Thumb Code     0  entry5.o(.ARM.Collect$$$$00000004)
    __main_after_scatterload                 0x08000139   Thumb Code     0  entry5.o(.ARM.Collect$$$$00000004)
    _main_clock                              0x08000139   Thumb Code     0  entry7b.o(.ARM.Collect$$$$00000008)
    _main_cpp_init                           0x08000139   Thumb Code     0  entry8b.o(.ARM.Collect$$$$0000000A)
    _main_init                               0x08000139   Thumb Code     0  entry9a.o(.ARM.Collect$$$$0000000B)
    __rt_lib_shutdown_fini                   0x08000141   Thumb Code     0  entry12b.o(.ARM.Collect$$$$0000000E)
    __rt_final_cpp                           0x08000145   Thumb Code     0  entry10a.o(.ARM.Collect$$$$0000000F)
    __rt_final_exit                          0x08000145   Thumb Code     0  entry11a.o(.ARM.Collect$$$$00000011)
    main                                     0x08000149   Thumb Code   146  main.o(.text)
    NMI_Handler                              0x08000269   Thumb Code     2  stm32f10x_it.o(.text)
    HardFault_Handler                        0x0800026b   Thumb Code     4  stm32f10x_it.o(.text)
    MemManage_Handler                        0x0800026f   Thumb Code     4  stm32f10x_it.o(.text)
    BusFault_Handler                         0x08000273   Thumb Code     4  stm32f10x_it.o(.text)
    UsageFault_Handler                       0x08000277   Thumb Code     4  stm32f10x_it.o(.text)
    SVC_Handler                              0x0800027b   Thumb Code     2  stm32f10x_it.o(.text)
    DebugMon_Handler                         0x0800027d   Thumb Code     2  stm32f10x_it.o(.text)
    PendSV_Handler                           0x0800027f   Thumb Code     2  stm32f10x_it.o(.text)
    SysTick_Handler                          0x08000281   Thumb Code     2  stm32f10x_it.o(.text)
    SystemInit                               0x08000363   Thumb Code    78  system_stm32f10x.o(.text)
    SystemCoreClockUpdate                    0x080003b1   Thumb Code   142  system_stm32f10x.o(.text)
    BSP_init                                 0x08000465   Thumb Code    50  service.o(.text)
    strStr                                   0x08000497   Thumb Code   138  service.o(.text)
    parsePlatformJson                        0x08000521   Thumb Code   140  service.o(.text)
    getPlatformJson                          0x080005ad   Thumb Code   124  service.o(.text)
    myitoa                                   0x08000629   Thumb Code    98  service.o(.text)
    makeJson                                 0x0800068b   Thumb Code   262  service.o(.text)
    bufferSendPushByte                       0x08000791   Thumb Code    20  service.o(.text)
    bufferSendPushBytes                      0x080007a5   Thumb Code    32  service.o(.text)
    copyU16ToU8ArrayToBufferSend             0x080007c5   Thumb Code    14  service.o(.text)
    EndianSwap16                             0x080007d3   Thumb Code    12  service.o(.text)
    RS485_PackandSend                        0x080007df   Thumb Code   442  service.o(.text)
    RS485_RecvAndParse                       0x08000999   Thumb Code    94  service.o(.text)
    RS485_Process                            0x080009f7   Thumb Code    44  service.o(.text)
    MQTT_Process                             0x08000a23   Thumb Code    48  service.o(.text)
    GPIOINIT                                 0x08000a89   Thumb Code    38  led.o(.text)
    RESET4G                                  0x08000aaf   Thumb Code    28  led.o(.text)
    TIM4_Set                                 0x08000ad1   Thumb Code    34  usart2.o(.text)
    USART2_IRQHandler                        0x08000af3   Thumb Code    84  usart2.o(.text)
    TIM4_Init                                0x08000b47   Thumb Code    82  usart2.o(.text)
    UART_DMA_Config                          0x08000b99   Thumb Code    72  usart2.o(.text)
    USART2_Init                              0x08000be1   Thumb Code   204  usart2.o(.text)
    UART_DMA_Enable                          0x08000cad   Thumb Code    32  usart2.o(.text)
    u2_printf                                0x08000ccd   Thumb Code    56  usart2.o(.text)
    TIM4_SetARR                              0x08000d05   Thumb Code    36  usart2.o(.text)
    TIM4_IRQHandler                          0x08000d29   Thumb Code   104  usart2.o(.text)
    crc16                                    0x08000db5   Thumb Code    46  modbus.o(.text)
    EC20_check_cmd                           0x08000ded   Thumb Code    52  ec20.o(.text)
    check_cmd                                0x08000e21   Thumb Code    26  ec20.o(.text)
    EC20_send_cmd                            0x08000e3b   Thumb Code   118  ec20.o(.text)
    EC20_work_test                           0x08000eb1   Thumb Code   110  ec20.o(.text)
    EC20_INIT                                0x08000f1f   Thumb Code    72  ec20.o(.text)
    EC20_CONNECT_MQTT_SERVER                 0x08000f67   Thumb Code   192  ec20.o(.text)
    EC20_CONNECT_SERVER_CFG_INFOR            0x08001027   Thumb Code    28  ec20.o(.text)
    EC20_MQTT_SEND_AUTO                      0x08001043   Thumb Code   134  ec20.o(.text)
    EC20_MQTT_SEND_DATA                      0x080010c9   Thumb Code    88  ec20.o(.text)
    EC20_MQTT_SEND_DATA_qqq                  0x08001121   Thumb Code    80  ec20.o(.text)
    UART4_IRQHandler                         0x0800143d   Thumb Code    52  usart4.o(.text)
    RS485_Init                               0x08001471   Thumb Code   162  usart4.o(.text)
    RS485_Send_Data                          0x08001513   Thumb Code    72  usart4.o(.text)
    RS485_Receive_Data                       0x0800155b   Thumb Code    74  usart4.o(.text)
    ClearRAM                                 0x080015a5   Thumb Code    18  usart4.o(.text)
    delay_init                               0x080015d9   Thumb Code    50  delay.o(.text)
    delay_us                                 0x0800160b   Thumb Code    72  delay.o(.text)
    delay_ms                                 0x08001653   Thumb Code    72  delay.o(.text)
    NVIC_Configuration                       0x080016ad   Thumb Code    12  sys.o(.text)
    DEBUG_USART_Config                       0x080016b9   Thumb Code   118  bsp_usart.o(.text)
    fputc                                    0x0800172f   Thumb Code    32  bsp_usart.o(.text)
    fgetc                                    0x0800174f   Thumb Code    26  bsp_usart.o(.text)
    Usart_SendByte                           0x08001769   Thumb Code    30  bsp_usart.o(.text)
    Usart_SendStr_length                     0x08001787   Thumb Code    32  bsp_usart.o(.text)
    Usart_SendString                         0x080017a7   Thumb Code    28  bsp_usart.o(.text)
    Reset_Handler                            0x080017cd   Thumb Code     8  startup_stm32f10x_hd.o(.text)
    ADC1_2_IRQHandler                        0x080017e7   Thumb Code     0  startup_stm32f10x_hd.o(.text)
    ADC3_IRQHandler                          0x080017e7   Thumb Code     0  startup_stm32f10x_hd.o(.text)
    CAN1_RX1_IRQHandler                      0x080017e7   Thumb Code     0  startup_stm32f10x_hd.o(.text)
    CAN1_SCE_IRQHandler                      0x080017e7   Thumb Code     0  startup_stm32f10x_hd.o(.text)
    DMA1_Channel1_IRQHandler                 0x080017e7   Thumb Code     0  startup_stm32f10x_hd.o(.text)
    DMA1_Channel2_IRQHandler                 0x080017e7   Thumb Code     0  startup_stm32f10x_hd.o(.text)
    DMA1_Channel3_IRQHandler                 0x080017e7   Thumb Code     0  startup_stm32f10x_hd.o(.text)
    DMA1_Channel4_IRQHandler                 0x080017e7   Thumb Code     0  startup_stm32f10x_hd.o(.text)
    DMA1_Channel5_IRQHandler                 0x080017e7   Thumb Code     0  startup_stm32f10x_hd.o(.text)
    DMA1_Channel6_IRQHandler                 0x080017e7   Thumb Code     0  startup_stm32f10x_hd.o(.text)
    DMA1_Channel7_IRQHandler                 0x080017e7   Thumb Code     0  startup_stm32f10x_hd.o(.text)
    DMA2_Channel1_IRQHandler                 0x080017e7   Thumb Code     0  startup_stm32f10x_hd.o(.text)
    DMA2_Channel2_IRQHandler                 0x080017e7   Thumb Code     0  startup_stm32f10x_hd.o(.text)
    DMA2_Channel3_IRQHandler                 0x080017e7   Thumb Code     0  startup_stm32f10x_hd.o(.text)
    DMA2_Channel4_5_IRQHandler               0x080017e7   Thumb Code     0  startup_stm32f10x_hd.o(.text)
    EXTI0_IRQHandler                         0x080017e7   Thumb Code     0  startup_stm32f10x_hd.o(.text)
    EXTI15_10_IRQHandler                     0x080017e7   Thumb Code     0  startup_stm32f10x_hd.o(.text)
    EXTI1_IRQHandler                         0x080017e7   Thumb Code     0  startup_stm32f10x_hd.o(.text)
    EXTI2_IRQHandler                         0x080017e7   Thumb Code     0  startup_stm32f10x_hd.o(.text)
    EXTI3_IRQHandler                         0x080017e7   Thumb Code     0  startup_stm32f10x_hd.o(.text)
    EXTI4_IRQHandler                         0x080017e7   Thumb Code     0  startup_stm32f10x_hd.o(.text)
    EXTI9_5_IRQHandler                       0x080017e7   Thumb Code     0  startup_stm32f10x_hd.o(.text)
    FLASH_IRQHandler                         0x080017e7   Thumb Code     0  startup_stm32f10x_hd.o(.text)
    FSMC_IRQHandler                          0x080017e7   Thumb Code     0  startup_stm32f10x_hd.o(.text)
    I2C1_ER_IRQHandler                       0x080017e7   Thumb Code     0  startup_stm32f10x_hd.o(.text)
    I2C1_EV_IRQHandler                       0x080017e7   Thumb Code     0  startup_stm32f10x_hd.o(.text)
    I2C2_ER_IRQHandler                       0x080017e7   Thumb Code     0  startup_stm32f10x_hd.o(.text)
    I2C2_EV_IRQHandler                       0x080017e7   Thumb Code     0  startup_stm32f10x_hd.o(.text)
    PVD_IRQHandler                           0x080017e7   Thumb Code     0  startup_stm32f10x_hd.o(.text)
    RCC_IRQHandler                           0x080017e7   Thumb Code     0  startup_stm32f10x_hd.o(.text)
    RTCAlarm_IRQHandler                      0x080017e7   Thumb Code     0  startup_stm32f10x_hd.o(.text)
    RTC_IRQHandler                           0x080017e7   Thumb Code     0  startup_stm32f10x_hd.o(.text)
    SDIO_IRQHandler                          0x080017e7   Thumb Code     0  startup_stm32f10x_hd.o(.text)
    SPI1_IRQHandler                          0x080017e7   Thumb Code     0  startup_stm32f10x_hd.o(.text)
    SPI2_IRQHandler                          0x080017e7   Thumb Code     0  startup_stm32f10x_hd.o(.text)
    SPI3_IRQHandler                          0x080017e7   Thumb Code     0  startup_stm32f10x_hd.o(.text)
    TAMPER_IRQHandler                        0x080017e7   Thumb Code     0  startup_stm32f10x_hd.o(.text)
    TIM1_BRK_IRQHandler                      0x080017e7   Thumb Code     0  startup_stm32f10x_hd.o(.text)
    TIM1_CC_IRQHandler                       0x080017e7   Thumb Code     0  startup_stm32f10x_hd.o(.text)
    TIM1_TRG_COM_IRQHandler                  0x080017e7   Thumb Code     0  startup_stm32f10x_hd.o(.text)
    TIM1_UP_IRQHandler                       0x080017e7   Thumb Code     0  startup_stm32f10x_hd.o(.text)
    TIM2_IRQHandler                          0x080017e7   Thumb Code     0  startup_stm32f10x_hd.o(.text)
    TIM3_IRQHandler                          0x080017e7   Thumb Code     0  startup_stm32f10x_hd.o(.text)
    TIM5_IRQHandler                          0x080017e7   Thumb Code     0  startup_stm32f10x_hd.o(.text)
    TIM6_IRQHandler                          0x080017e7   Thumb Code     0  startup_stm32f10x_hd.o(.text)
    TIM7_IRQHandler                          0x080017e7   Thumb Code     0  startup_stm32f10x_hd.o(.text)
    TIM8_BRK_IRQHandler                      0x080017e7   Thumb Code     0  startup_stm32f10x_hd.o(.text)
    TIM8_CC_IRQHandler                       0x080017e7   Thumb Code     0  startup_stm32f10x_hd.o(.text)
    TIM8_TRG_COM_IRQHandler                  0x080017e7   Thumb Code     0  startup_stm32f10x_hd.o(.text)
    TIM8_UP_IRQHandler                       0x080017e7   Thumb Code     0  startup_stm32f10x_hd.o(.text)
    UART5_IRQHandler                         0x080017e7   Thumb Code     0  startup_stm32f10x_hd.o(.text)
    USART1_IRQHandler                        0x080017e7   Thumb Code     0  startup_stm32f10x_hd.o(.text)
    USART3_IRQHandler                        0x080017e7   Thumb Code     0  startup_stm32f10x_hd.o(.text)
    USBWakeUp_IRQHandler                     0x080017e7   Thumb Code     0  startup_stm32f10x_hd.o(.text)
    USB_HP_CAN1_TX_IRQHandler                0x080017e7   Thumb Code     0  startup_stm32f10x_hd.o(.text)
    USB_LP_CAN1_RX0_IRQHandler               0x080017e7   Thumb Code     0  startup_stm32f10x_hd.o(.text)
    WWDG_IRQHandler                          0x080017e7   Thumb Code     0  startup_stm32f10x_hd.o(.text)
    NVIC_PriorityGroupConfig                 0x080017f1   Thumb Code    10  misc.o(.text)
    NVIC_Init                                0x080017fb   Thumb Code   100  misc.o(.text)
    NVIC_SetVectorTable                      0x0800185f   Thumb Code    14  misc.o(.text)
    NVIC_SystemLPConfig                      0x0800186d   Thumb Code    34  misc.o(.text)
    SysTick_CLKSourceConfig                  0x0800188f   Thumb Code    40  misc.o(.text)
    GPIO_DeInit                              0x080018cd   Thumb Code   172  stm32f10x_gpio.o(.text)
    GPIO_AFIODeInit                          0x08001979   Thumb Code    20  stm32f10x_gpio.o(.text)
    GPIO_Init                                0x0800198d   Thumb Code   278  stm32f10x_gpio.o(.text)
    GPIO_StructInit                          0x08001aa3   Thumb Code    16  stm32f10x_gpio.o(.text)
    GPIO_ReadInputDataBit                    0x08001ab3   Thumb Code    18  stm32f10x_gpio.o(.text)
    GPIO_ReadInputData                       0x08001ac5   Thumb Code     8  stm32f10x_gpio.o(.text)
    GPIO_ReadOutputDataBit                   0x08001acd   Thumb Code    18  stm32f10x_gpio.o(.text)
    GPIO_ReadOutputData                      0x08001adf   Thumb Code     8  stm32f10x_gpio.o(.text)
    GPIO_SetBits                             0x08001ae7   Thumb Code     4  stm32f10x_gpio.o(.text)
    GPIO_ResetBits                           0x08001aeb   Thumb Code     4  stm32f10x_gpio.o(.text)
    GPIO_WriteBit                            0x08001aef   Thumb Code    10  stm32f10x_gpio.o(.text)
    GPIO_Write                               0x08001af9   Thumb Code     4  stm32f10x_gpio.o(.text)
    GPIO_PinLockConfig                       0x08001afd   Thumb Code    18  stm32f10x_gpio.o(.text)
    GPIO_EventOutputConfig                   0x08001b0f   Thumb Code    26  stm32f10x_gpio.o(.text)
    GPIO_EventOutputCmd                      0x08001b29   Thumb Code     6  stm32f10x_gpio.o(.text)
    GPIO_PinRemapConfig                      0x08001b2f   Thumb Code   138  stm32f10x_gpio.o(.text)
    GPIO_EXTILineConfig                      0x08001bb9   Thumb Code    66  stm32f10x_gpio.o(.text)
    GPIO_ETH_MediaInterfaceConfig            0x08001bfb   Thumb Code     8  stm32f10x_gpio.o(.text)
    RCC_DeInit                               0x08001c29   Thumb Code    64  stm32f10x_rcc.o(.text)
    RCC_HSEConfig                            0x08001c69   Thumb Code    70  stm32f10x_rcc.o(.text)
    RCC_GetFlagStatus                        0x08001caf   Thumb Code    56  stm32f10x_rcc.o(.text)
    RCC_WaitForHSEStartUp                    0x08001ce7   Thumb Code    56  stm32f10x_rcc.o(.text)
    RCC_AdjustHSICalibrationValue            0x08001d1f   Thumb Code    20  stm32f10x_rcc.o(.text)
    RCC_HSICmd                               0x08001d33   Thumb Code     6  stm32f10x_rcc.o(.text)
    RCC_PLLConfig                            0x08001d39   Thumb Code    24  stm32f10x_rcc.o(.text)
    RCC_PLLCmd                               0x08001d51   Thumb Code     6  stm32f10x_rcc.o(.text)
    RCC_SYSCLKConfig                         0x08001d57   Thumb Code    18  stm32f10x_rcc.o(.text)
    RCC_GetSYSCLKSource                      0x08001d69   Thumb Code    10  stm32f10x_rcc.o(.text)
    RCC_HCLKConfig                           0x08001d73   Thumb Code    18  stm32f10x_rcc.o(.text)
    RCC_PCLK1Config                          0x08001d85   Thumb Code    18  stm32f10x_rcc.o(.text)
    RCC_PCLK2Config                          0x08001d97   Thumb Code    20  stm32f10x_rcc.o(.text)
    RCC_ITConfig                             0x08001dab   Thumb Code    26  stm32f10x_rcc.o(.text)
    RCC_USBCLKConfig                         0x08001dc5   Thumb Code     8  stm32f10x_rcc.o(.text)
    RCC_ADCCLKConfig                         0x08001dcd   Thumb Code    18  stm32f10x_rcc.o(.text)
    RCC_LSEConfig                            0x08001ddf   Thumb Code    50  stm32f10x_rcc.o(.text)
    RCC_LSICmd                               0x08001e11   Thumb Code     6  stm32f10x_rcc.o(.text)
    RCC_RTCCLKConfig                         0x08001e17   Thumb Code    12  stm32f10x_rcc.o(.text)
    RCC_RTCCLKCmd                            0x08001e23   Thumb Code     8  stm32f10x_rcc.o(.text)
    RCC_GetClocksFreq                        0x08001e2b   Thumb Code   192  stm32f10x_rcc.o(.text)
    RCC_AHBPeriphClockCmd                    0x08001eeb   Thumb Code    26  stm32f10x_rcc.o(.text)
    RCC_APB2PeriphClockCmd                   0x08001f05   Thumb Code    26  stm32f10x_rcc.o(.text)
    RCC_APB1PeriphClockCmd                   0x08001f1f   Thumb Code    26  stm32f10x_rcc.o(.text)
    RCC_APB2PeriphResetCmd                   0x08001f39   Thumb Code    26  stm32f10x_rcc.o(.text)
    RCC_APB1PeriphResetCmd                   0x08001f53   Thumb Code    26  stm32f10x_rcc.o(.text)
    RCC_BackupResetCmd                       0x08001f6d   Thumb Code     8  stm32f10x_rcc.o(.text)
    RCC_ClockSecuritySystemCmd               0x08001f75   Thumb Code     6  stm32f10x_rcc.o(.text)
    RCC_MCOConfig                            0x08001f7b   Thumb Code     6  stm32f10x_rcc.o(.text)
    RCC_ClearFlag                            0x08001f81   Thumb Code    14  stm32f10x_rcc.o(.text)
    RCC_GetITStatus                          0x08001f8f   Thumb Code    20  stm32f10x_rcc.o(.text)
    RCC_ClearITPendingBit                    0x08001fa3   Thumb Code     6  stm32f10x_rcc.o(.text)
    USART_DeInit                             0x08001fcd   Thumb Code   134  stm32f10x_usart.o(.text)
    USART_Init                               0x08002053   Thumb Code   210  stm32f10x_usart.o(.text)
    USART_StructInit                         0x08002125   Thumb Code    24  stm32f10x_usart.o(.text)
    USART_ClockInit                          0x0800213d   Thumb Code    34  stm32f10x_usart.o(.text)
    USART_ClockStructInit                    0x0800215f   Thumb Code    12  stm32f10x_usart.o(.text)
    USART_Cmd                                0x0800216b   Thumb Code    24  stm32f10x_usart.o(.text)
    USART_ITConfig                           0x08002183   Thumb Code    74  stm32f10x_usart.o(.text)
    USART_DMACmd                             0x080021cd   Thumb Code    18  stm32f10x_usart.o(.text)
    USART_SetAddress                         0x080021df   Thumb Code    18  stm32f10x_usart.o(.text)
    USART_WakeUpConfig                       0x080021f1   Thumb Code    18  stm32f10x_usart.o(.text)
    USART_ReceiverWakeUpCmd                  0x08002203   Thumb Code    24  stm32f10x_usart.o(.text)
    USART_LINBreakDetectLengthConfig         0x0800221b   Thumb Code    18  stm32f10x_usart.o(.text)
    USART_LINCmd                             0x0800222d   Thumb Code    24  stm32f10x_usart.o(.text)
    USART_SendData                           0x08002245   Thumb Code     8  stm32f10x_usart.o(.text)
    USART_ReceiveData                        0x0800224d   Thumb Code    10  stm32f10x_usart.o(.text)
    USART_SendBreak                          0x08002257   Thumb Code    10  stm32f10x_usart.o(.text)
    USART_SetGuardTime                       0x08002261   Thumb Code    16  stm32f10x_usart.o(.text)
    USART_SetPrescaler                       0x08002271   Thumb Code    16  stm32f10x_usart.o(.text)
    USART_SmartCardCmd                       0x08002281   Thumb Code    24  stm32f10x_usart.o(.text)
    USART_SmartCardNACKCmd                   0x08002299   Thumb Code    24  stm32f10x_usart.o(.text)
    USART_HalfDuplexCmd                      0x080022b1   Thumb Code    24  stm32f10x_usart.o(.text)
    USART_OverSampling8Cmd                   0x080022c9   Thumb Code    22  stm32f10x_usart.o(.text)
    USART_OneBitMethodCmd                    0x080022df   Thumb Code    24  stm32f10x_usart.o(.text)
    USART_IrDAConfig                         0x080022f7   Thumb Code    18  stm32f10x_usart.o(.text)
    USART_IrDACmd                            0x08002309   Thumb Code    24  stm32f10x_usart.o(.text)
    USART_GetFlagStatus                      0x08002321   Thumb Code    26  stm32f10x_usart.o(.text)
    USART_ClearFlag                          0x0800233b   Thumb Code    18  stm32f10x_usart.o(.text)
    USART_GetITStatus                        0x0800234d   Thumb Code    84  stm32f10x_usart.o(.text)
    USART_ClearITPendingBit                  0x080023a1   Thumb Code    52  stm32f10x_usart.o(.text)
    TIM_DeInit                               0x080023d5   Thumb Code   424  stm32f10x_tim.o(.text)
    TIM_TimeBaseInit                         0x0800257d   Thumb Code   122  stm32f10x_tim.o(.text)
    TIM_OC1Init                              0x080025f7   Thumb Code   132  stm32f10x_tim.o(.text)
    TIM_OC2Init                              0x0800267b   Thumb Code   154  stm32f10x_tim.o(.text)
    TIM_OC3Init                              0x08002715   Thumb Code   150  stm32f10x_tim.o(.text)
    TIM_OC4Init                              0x080027ab   Thumb Code   182  stm32f10x_tim.o(.text)
    TIM_SetIC4Prescaler                      0x08002861   Thumb Code    26  stm32f10x_tim.o(.text)
    TIM_SetIC3Prescaler                      0x080028fd   Thumb Code    18  stm32f10x_tim.o(.text)
    TIM_SetIC2Prescaler                      0x08002989   Thumb Code    26  stm32f10x_tim.o(.text)
    TIM_SetIC1Prescaler                      0x08002a25   Thumb Code    18  stm32f10x_tim.o(.text)
    TIM_ICInit                               0x08002aa3   Thumb Code   150  stm32f10x_tim.o(.text)
    TIM_PWMIConfig                           0x08002b39   Thumb Code   124  stm32f10x_tim.o(.text)
    TIM_BDTRConfig                           0x08002bb5   Thumb Code    32  stm32f10x_tim.o(.text)
    TIM_TimeBaseStructInit                   0x08002bd5   Thumb Code    18  stm32f10x_tim.o(.text)
    TIM_OCStructInit                         0x08002be7   Thumb Code    20  stm32f10x_tim.o(.text)
    TIM_ICStructInit                         0x08002bfb   Thumb Code    18  stm32f10x_tim.o(.text)
    TIM_BDTRStructInit                       0x08002c0d   Thumb Code    40  stm32f10x_tim.o(.text)
    TIM_Cmd                                  0x08002c35   Thumb Code    24  stm32f10x_tim.o(.text)
    TIM_CtrlPWMOutputs                       0x08002c4d   Thumb Code    30  stm32f10x_tim.o(.text)
    TIM_ITConfig                             0x08002c6b   Thumb Code    18  stm32f10x_tim.o(.text)
    TIM_GenerateEvent                        0x08002c7d   Thumb Code     4  stm32f10x_tim.o(.text)
    TIM_DMAConfig                            0x08002c81   Thumb Code    10  stm32f10x_tim.o(.text)
    TIM_DMACmd                               0x08002c8b   Thumb Code    18  stm32f10x_tim.o(.text)
    TIM_InternalClockConfig                  0x08002c9d   Thumb Code    12  stm32f10x_tim.o(.text)
    TIM_SelectInputTrigger                   0x08002ca9   Thumb Code    18  stm32f10x_tim.o(.text)
    TIM_ITRxExternalClockConfig              0x08002cbb   Thumb Code    24  stm32f10x_tim.o(.text)
    TIM_TIxExternalClockConfig               0x08002cd3   Thumb Code    62  stm32f10x_tim.o(.text)
    TIM_ETRConfig                            0x08002d11   Thumb Code    28  stm32f10x_tim.o(.text)
    TIM_ETRClockMode1Config                  0x08002d2d   Thumb Code    54  stm32f10x_tim.o(.text)
    TIM_ETRClockMode2Config                  0x08002d63   Thumb Code    32  stm32f10x_tim.o(.text)
    TIM_PrescalerConfig                      0x08002d83   Thumb Code     6  stm32f10x_tim.o(.text)
    TIM_CounterModeConfig                    0x08002d89   Thumb Code    18  stm32f10x_tim.o(.text)
    TIM_EncoderInterfaceConfig               0x08002d9b   Thumb Code    66  stm32f10x_tim.o(.text)
    TIM_ForcedOC1Config                      0x08002ddd   Thumb Code    18  stm32f10x_tim.o(.text)
    TIM_ForcedOC2Config                      0x08002def   Thumb Code    26  stm32f10x_tim.o(.text)
    TIM_ForcedOC3Config                      0x08002e09   Thumb Code    18  stm32f10x_tim.o(.text)
    TIM_ForcedOC4Config                      0x08002e1b   Thumb Code    26  stm32f10x_tim.o(.text)
    TIM_ARRPreloadConfig                     0x08002e35   Thumb Code    24  stm32f10x_tim.o(.text)
    TIM_SelectCOM                            0x08002e4d   Thumb Code    24  stm32f10x_tim.o(.text)
    TIM_SelectCCDMA                          0x08002e65   Thumb Code    24  stm32f10x_tim.o(.text)
    TIM_CCPreloadControl                     0x08002e7d   Thumb Code    24  stm32f10x_tim.o(.text)
    TIM_OC1PreloadConfig                     0x08002e95   Thumb Code    18  stm32f10x_tim.o(.text)
    TIM_OC2PreloadConfig                     0x08002ea7   Thumb Code    26  stm32f10x_tim.o(.text)
    TIM_OC3PreloadConfig                     0x08002ec1   Thumb Code    18  stm32f10x_tim.o(.text)
    TIM_OC4PreloadConfig                     0x08002ed3   Thumb Code    26  stm32f10x_tim.o(.text)
    TIM_OC1FastConfig                        0x08002eed   Thumb Code    18  stm32f10x_tim.o(.text)
    TIM_OC2FastConfig                        0x08002eff   Thumb Code    26  stm32f10x_tim.o(.text)
    TIM_OC3FastConfig                        0x08002f19   Thumb Code    18  stm32f10x_tim.o(.text)
    TIM_OC4FastConfig                        0x08002f2b   Thumb Code    26  stm32f10x_tim.o(.text)
    TIM_ClearOC1Ref                          0x08002f45   Thumb Code    18  stm32f10x_tim.o(.text)
    TIM_ClearOC2Ref                          0x08002f57   Thumb Code    24  stm32f10x_tim.o(.text)
    TIM_ClearOC3Ref                          0x08002f6f   Thumb Code    18  stm32f10x_tim.o(.text)
    TIM_ClearOC4Ref                          0x08002f81   Thumb Code    24  stm32f10x_tim.o(.text)
    TIM_OC1PolarityConfig                    0x08002f99   Thumb Code    18  stm32f10x_tim.o(.text)
    TIM_OC1NPolarityConfig                   0x08002fab   Thumb Code    18  stm32f10x_tim.o(.text)
    TIM_OC2PolarityConfig                    0x08002fbd   Thumb Code    26  stm32f10x_tim.o(.text)
    TIM_OC2NPolarityConfig                   0x08002fd7   Thumb Code    26  stm32f10x_tim.o(.text)
    TIM_OC3PolarityConfig                    0x08002ff1   Thumb Code    26  stm32f10x_tim.o(.text)
    TIM_OC3NPolarityConfig                   0x0800300b   Thumb Code    26  stm32f10x_tim.o(.text)
    TIM_OC4PolarityConfig                    0x08003025   Thumb Code    26  stm32f10x_tim.o(.text)
    TIM_CCxCmd                               0x0800303f   Thumb Code    30  stm32f10x_tim.o(.text)
    TIM_CCxNCmd                              0x0800305d   Thumb Code    30  stm32f10x_tim.o(.text)
    TIM_SelectOCxM                           0x0800307b   Thumb Code    82  stm32f10x_tim.o(.text)
    TIM_UpdateDisableConfig                  0x080030cd   Thumb Code    24  stm32f10x_tim.o(.text)
    TIM_UpdateRequestConfig                  0x080030e5   Thumb Code    24  stm32f10x_tim.o(.text)
    TIM_SelectHallSensor                     0x080030fd   Thumb Code    24  stm32f10x_tim.o(.text)
    TIM_SelectOnePulseMode                   0x08003115   Thumb Code    18  stm32f10x_tim.o(.text)
    TIM_SelectOutputTrigger                  0x08003127   Thumb Code    18  stm32f10x_tim.o(.text)
    TIM_SelectSlaveMode                      0x08003139   Thumb Code    18  stm32f10x_tim.o(.text)
    TIM_SelectMasterSlaveMode                0x0800314b   Thumb Code    18  stm32f10x_tim.o(.text)
    TIM_SetCounter                           0x0800315d   Thumb Code     4  stm32f10x_tim.o(.text)
    TIM_SetAutoreload                        0x08003161   Thumb Code     4  stm32f10x_tim.o(.text)
    TIM_SetCompare1                          0x08003165   Thumb Code     4  stm32f10x_tim.o(.text)
    TIM_SetCompare2                          0x08003169   Thumb Code     4  stm32f10x_tim.o(.text)
    TIM_SetCompare3                          0x0800316d   Thumb Code     4  stm32f10x_tim.o(.text)
    TIM_SetCompare4                          0x08003171   Thumb Code     6  stm32f10x_tim.o(.text)
    TIM_SetClockDivision                     0x08003177   Thumb Code    18  stm32f10x_tim.o(.text)
    TIM_GetCapture1                          0x08003189   Thumb Code     6  stm32f10x_tim.o(.text)
    TIM_GetCapture2                          0x0800318f   Thumb Code     6  stm32f10x_tim.o(.text)
    TIM_GetCapture3                          0x08003195   Thumb Code     6  stm32f10x_tim.o(.text)
    TIM_GetCapture4                          0x0800319b   Thumb Code     8  stm32f10x_tim.o(.text)
    TIM_GetCounter                           0x080031a3   Thumb Code     6  stm32f10x_tim.o(.text)
    TIM_GetPrescaler                         0x080031a9   Thumb Code     6  stm32f10x_tim.o(.text)
    TIM_GetFlagStatus                        0x080031af   Thumb Code    18  stm32f10x_tim.o(.text)
    TIM_ClearFlag                            0x080031c1   Thumb Code     6  stm32f10x_tim.o(.text)
    TIM_GetITStatus                          0x080031c7   Thumb Code    34  stm32f10x_tim.o(.text)
    TIM_ClearITPendingBit                    0x080031e9   Thumb Code     6  stm32f10x_tim.o(.text)
    DMA_DeInit                               0x080031f1   Thumb Code   324  stm32f10x_dma.o(.text)
    DMA_Init                                 0x08003335   Thumb Code    60  stm32f10x_dma.o(.text)
    DMA_StructInit                           0x08003371   Thumb Code    26  stm32f10x_dma.o(.text)
    DMA_Cmd                                  0x0800338b   Thumb Code    24  stm32f10x_dma.o(.text)
    DMA_ITConfig                             0x080033a3   Thumb Code    18  stm32f10x_dma.o(.text)
    DMA_SetCurrDataCounter                   0x080033b5   Thumb Code     4  stm32f10x_dma.o(.text)
    DMA_GetCurrDataCounter                   0x080033b9   Thumb Code     8  stm32f10x_dma.o(.text)
    DMA_GetFlagStatus                        0x080033c1   Thumb Code    40  stm32f10x_dma.o(.text)
    DMA_ClearFlag                            0x080033e9   Thumb Code    22  stm32f10x_dma.o(.text)
    DMA_GetITStatus                          0x080033ff   Thumb Code    40  stm32f10x_dma.o(.text)
    DMA_ClearITPendingBit                    0x08003427   Thumb Code    22  stm32f10x_dma.o(.text)
    cJSON_GetErrorPtr                        0x08003445   Thumb Code    12  cjson.o(.text)
    cJSON_IsString                           0x08003451   Thumb Code    22  cjson.o(.text)
    cJSON_GetStringValue                     0x08003467   Thumb Code    20  cjson.o(.text)
    cJSON_Version                            0x0800347b   Thumb Code    22  cjson.o(.text)
    cJSON_InitHooks                          0x08003511   Thumb Code    82  cjson.o(.text)
    cJSON_Delete                             0x0800357d   Thumb Code    84  cjson.o(.text)
    cJSON_SetNumberHelper                    0x080036ff   Thumb Code    72  cjson.o(.text)
    cJSON_ParseWithOpts                      0x080041bb   Thumb Code   204  cjson.o(.text)
    cJSON_Parse                              0x08004287   Thumb Code    16  cjson.o(.text)
    cJSON_Print                              0x0800466b   Thumb Code    16  cjson.o(.text)
    cJSON_PrintUnformatted                   0x0800467b   Thumb Code    16  cjson.o(.text)
    cJSON_PrintBuffered                      0x0800468b   Thumb Code    90  cjson.o(.text)
    cJSON_PrintPreallocated                  0x080046e5   Thumb Code    64  cjson.o(.text)
    cJSON_GetArraySize                       0x08004725   Thumb Code    28  cjson.o(.text)
    cJSON_GetArrayItem                       0x0800475f   Thumb Code    24  cjson.o(.text)
    cJSON_GetObjectItem                      0x080047c9   Thumb Code    18  cjson.o(.text)
    cJSON_GetObjectItemCaseSensitive         0x080047db   Thumb Code    18  cjson.o(.text)
    cJSON_HasObjectItem                      0x080047ed   Thumb Code    24  cjson.o(.text)
    cJSON_AddItemToArray                     0x08004875   Thumb Code    16  cjson.o(.text)
    cJSON_AddItemToObject                    0x080048fd   Thumb Code    26  cjson.o(.text)
    cJSON_AddItemToObjectCS                  0x08004917   Thumb Code    26  cjson.o(.text)
    cJSON_AddItemReferenceToArray            0x08004931   Thumb Code    32  cjson.o(.text)
    cJSON_AddItemReferenceToObject           0x08004951   Thumb Code    44  cjson.o(.text)
    cJSON_CreateNull                         0x0800497d   Thumb Code    20  cjson.o(.text)
    cJSON_AddNullToObject                    0x08004991   Thumb Code    44  cjson.o(.text)
    cJSON_CreateTrue                         0x080049bd   Thumb Code    20  cjson.o(.text)
    cJSON_AddTrueToObject                    0x080049d1   Thumb Code    44  cjson.o(.text)
    cJSON_CreateFalse                        0x080049fd   Thumb Code    20  cjson.o(.text)
    cJSON_AddFalseToObject                   0x08004a11   Thumb Code    44  cjson.o(.text)
    cJSON_CreateBool                         0x08004a3d   Thumb Code    32  cjson.o(.text)
    cJSON_AddBoolToObject                    0x08004a5d   Thumb Code    48  cjson.o(.text)
    cJSON_CreateNumber                       0x08004a8d   Thumb Code    82  cjson.o(.text)
    cJSON_AddNumberToObject                  0x08004adf   Thumb Code    56  cjson.o(.text)
    cJSON_CreateString                       0x08004b17   Thumb Code    46  cjson.o(.text)
    cJSON_AddStringToObject                  0x08004b45   Thumb Code    48  cjson.o(.text)
    cJSON_CreateRaw                          0x08004b75   Thumb Code    46  cjson.o(.text)
    cJSON_AddRawToObject                     0x08004ba3   Thumb Code    48  cjson.o(.text)
    cJSON_CreateObject                       0x08004bd3   Thumb Code    20  cjson.o(.text)
    cJSON_AddObjectToObject                  0x08004be7   Thumb Code    44  cjson.o(.text)
    cJSON_CreateArray                        0x08004c13   Thumb Code    20  cjson.o(.text)
    cJSON_AddArrayToObject                   0x08004c27   Thumb Code    44  cjson.o(.text)
    cJSON_DetachItemViaPointer               0x08004c53   Thumb Code    50  cjson.o(.text)
    cJSON_DetachItemFromArray                0x08004c85   Thumb Code    34  cjson.o(.text)
    cJSON_DeleteItemFromArray                0x08004ca7   Thumb Code    22  cjson.o(.text)
    cJSON_DetachItemFromObject               0x08004cbd   Thumb Code    26  cjson.o(.text)
    cJSON_DetachItemFromObjectCaseSensitive  0x08004cd7   Thumb Code    26  cjson.o(.text)
    cJSON_DeleteItemFromObject               0x08004cf1   Thumb Code    22  cjson.o(.text)
    cJSON_DeleteItemFromObjectCaseSensitive  0x08004d07   Thumb Code    22  cjson.o(.text)
    cJSON_InsertItemInArray                  0x08004d1d   Thumb Code    68  cjson.o(.text)
    cJSON_ReplaceItemViaPointer              0x08004d61   Thumb Code    74  cjson.o(.text)
    cJSON_ReplaceItemInArray                 0x08004dab   Thumb Code    42  cjson.o(.text)
    cJSON_free                               0x08004dd5   Thumb Code    14  cjson.o(.text)
    cJSON_ReplaceItemInObject                0x08004e37   Thumb Code    38  cjson.o(.text)
    cJSON_ReplaceItemInObjectCaseSensitive   0x08004e5d   Thumb Code    22  cjson.o(.text)
    cJSON_CreateStringReference              0x08004e73   Thumb Code    32  cjson.o(.text)
    cJSON_CreateObjectReference              0x08004e93   Thumb Code    32  cjson.o(.text)
    cJSON_CreateArrayReference               0x08004eb3   Thumb Code    32  cjson.o(.text)
    cJSON_CreateIntArray                     0x08004ed3   Thumb Code   102  cjson.o(.text)
    cJSON_CreateFloatArray                   0x08004f39   Thumb Code   102  cjson.o(.text)
    cJSON_CreateDoubleArray                  0x08004f9f   Thumb Code   100  cjson.o(.text)
    cJSON_CreateStringArray                  0x08005003   Thumb Code    94  cjson.o(.text)
    cJSON_Duplicate                          0x08005061   Thumb Code   178  cjson.o(.text)
    cJSON_Minify                             0x08005113   Thumb Code   192  cjson.o(.text)
    cJSON_IsInvalid                          0x080051d3   Thumb Code    20  cjson.o(.text)
    cJSON_IsFalse                            0x080051e7   Thumb Code    20  cjson.o(.text)
    cJSON_IsTrue                             0x080051fb   Thumb Code    22  cjson.o(.text)
    cJSON_IsBool                             0x08005211   Thumb Code    24  cjson.o(.text)
    cJSON_IsNull                             0x08005229   Thumb Code    22  cjson.o(.text)
    cJSON_IsNumber                           0x0800523f   Thumb Code    26  cjson.o(.text)
    cJSON_IsArray                            0x08005259   Thumb Code    22  cjson.o(.text)
    cJSON_IsObject                           0x0800526f   Thumb Code    22  cjson.o(.text)
    cJSON_IsRaw                              0x08005285   Thumb Code    22  cjson.o(.text)
    cJSON_Compare                            0x0800529b   Thumb Code   392  cjson.o(.text)
    cJSON_malloc                             0x08005423   Thumb Code    14  cjson.o(.text)
    tolower                                  0x08005435   Thumb Code    12  tolower.o(.text)
    __aeabi_memcpy                           0x08005441   Thumb Code    36  memcpya.o(.text)
    __aeabi_memcpy4                          0x08005441   Thumb Code     0  memcpya.o(.text)
    __aeabi_memcpy8                          0x08005441   Thumb Code     0  memcpya.o(.text)
    __aeabi_memset                           0x08005465   Thumb Code    14  memseta.o(.text)
    __aeabi_memset4                          0x08005465   Thumb Code     0  memseta.o(.text)
    __aeabi_memset8                          0x08005465   Thumb Code     0  memseta.o(.text)
    __aeabi_memclr                           0x08005473   Thumb Code     4  memseta.o(.text)
    __aeabi_memclr4                          0x08005473   Thumb Code     0  memseta.o(.text)
    __aeabi_memclr8                          0x08005473   Thumb Code     0  memseta.o(.text)
    _memset$wrapper                          0x08005477   Thumb Code    18  memseta.o(.text)
    strstr                                   0x08005489   Thumb Code    36  strstr.o(.text)
    strlen                                   0x080054ad   Thumb Code    14  strlen.o(.text)
    strcmp                                   0x080054bb   Thumb Code    28  strcmp.o(.text)
    strncat                                  0x080054d7   Thumb Code    40  strncat.o(.text)
    strcpy                                   0x080054ff   Thumb Code    18  strcpy.o(.text)
    strncmp                                  0x08005511   Thumb Code    30  strncmp.o(.text)
    __0sscanf                                0x08005531   Thumb Code    48  __0sscanf.o(.text)
    _scanf_real                              0x08005691   Thumb Code     0  scanf_fp.o(.text)
    _scanf_really_real                       0x08005691   Thumb Code   556  scanf_fp.o(.text)
    atoi                                     0x080058c9   Thumb Code    26  atoi.o(.text)
    __aeabi_dmul                             0x080058e3   Thumb Code   228  dmul.o(.text)
    __aeabi_i2d                              0x080059c7   Thumb Code    34  dflti.o(.text)
    __aeabi_d2iz                             0x080059e9   Thumb Code    62  dfixi.o(.text)
    __aeabi_f2d                              0x08005a27   Thumb Code    38  f2d.o(.text)
    __aeabi_cdcmpeq                          0x08005a4d   Thumb Code     0  cdcmple.o(.text)
    __aeabi_cdcmple                          0x08005a4d   Thumb Code    48  cdcmple.o(.text)
    __aeabi_cdrcmple                         0x08005a7d   Thumb Code    48  cdrcmple.o(.text)
    __aeabi_uidiv                            0x08005aad   Thumb Code     0  uidiv.o(.text)
    __aeabi_uidivmod                         0x08005aad   Thumb Code    44  uidiv.o(.text)
    __aeabi_uldivmod                         0x08005ad9   Thumb Code    98  uldiv.o(.text)
    __aeabi_llsr                             0x08005b3b   Thumb Code    32  llushr.o(.text)
    _ll_ushift_r                             0x08005b3b   Thumb Code     0  llushr.o(.text)
    __vfscanf_char                           0x08005b69   Thumb Code    20  scanf_char.o(.text)
    _sgetc                                   0x08005b85   Thumb Code    30  _sgetc.o(.text)
    _sbackspace                              0x08005ba3   Thumb Code    34  _sgetc.o(.text)
    __strtod_int                             0x08005bfb   Thumb Code    90  strtod.o(.text)
    strtol                                   0x08005c61   Thumb Code   112  strtol.o(.text)
    __I$use$fp                               0x08005cd1   Thumb Code     0  iusefp.o(.text)
    _double_round                            0x08005cd1   Thumb Code    30  depilogue.o(.text)
    _double_epilogue                         0x08005cef   Thumb Code   156  depilogue.o(.text)
    __aeabi_dadd                             0x08005d8b   Thumb Code   322  dadd.o(.text)
    __aeabi_dsub                             0x08005ecd   Thumb Code     6  dadd.o(.text)
    __aeabi_drsub                            0x08005ed3   Thumb Code     6  dadd.o(.text)
    __aeabi_ddiv                             0x08005ed9   Thumb Code   222  ddiv.o(.text)
    __aeabi_ul2d                             0x08005fb7   Thumb Code    24  dfltul.o(.text)
    __aeabi_d2ulz                            0x08005fcf   Thumb Code    48  dfixul.o(.text)
    __aeabi_d2f                              0x08005fff   Thumb Code    56  d2f.o(.text)
    __scatterload                            0x08006039   Thumb Code    28  init.o(.text)
    __scatterload_rt2                        0x08006039   Thumb Code     0  init.o(.text)
    __aeabi_llsl                             0x0800605d   Thumb Code    30  llshl.o(.text)
    _ll_shift_l                              0x0800605d   Thumb Code     0  llshl.o(.text)
    __aeabi_lasr                             0x0800607b   Thumb Code    36  llsshr.o(.text)
    _ll_sshift_r                             0x0800607b   Thumb Code     0  llsshr.o(.text)
    __rt_ctype_table                         0x080060a1   Thumb Code     4  ctype_o.o(.text)
    isspace                                  0x080060a9   Thumb Code    18  isspace_o.o(.text)
    __vfscanf                                0x080060bd   Thumb Code   810  _scanf.o(.text)
    _strtoul                                 0x080063ed   Thumb Code   158  _strtoul.o(.text)
    _float_round                             0x0800648b   Thumb Code    18  fepilogue.o(.text)
    _float_epilogue                          0x0800649d   Thumb Code    92  fepilogue.o(.text)
    _chval                                   0x080064f9   Thumb Code    28  _chval.o(.text)
    __0printf                                0x08006515   Thumb Code    22  printfa.o(i.__0printf)
    __1printf                                0x08006515   Thumb Code     0  printfa.o(i.__0printf)
    __2printf                                0x08006515   Thumb Code     0  printfa.o(i.__0printf)
    __c89printf                              0x08006515   Thumb Code     0  printfa.o(i.__0printf)
    printf                                   0x08006515   Thumb Code     0  printfa.o(i.__0printf)
    __0sprintf                               0x08006535   Thumb Code    34  printfa.o(i.__0sprintf)
    __1sprintf                               0x08006535   Thumb Code     0  printfa.o(i.__0sprintf)
    __2sprintf                               0x08006535   Thumb Code     0  printfa.o(i.__0sprintf)
    __c89sprintf                             0x08006535   Thumb Code     0  printfa.o(i.__0sprintf)
    sprintf                                  0x08006535   Thumb Code     0  printfa.o(i.__0sprintf)
    __0vsprintf                              0x0800655d   Thumb Code    30  printfa.o(i.__0vsprintf)
    __1vsprintf                              0x0800655d   Thumb Code     0  printfa.o(i.__0vsprintf)
    __2vsprintf                              0x0800655d   Thumb Code     0  printfa.o(i.__0vsprintf)
    __c89vsprintf                            0x0800655d   Thumb Code     0  printfa.o(i.__0vsprintf)
    vsprintf                                 0x0800655d   Thumb Code     0  printfa.o(i.__0vsprintf)
    __aeabi_errno_addr                       0x08006581   Thumb Code     4  errno.o(i.__aeabi_errno_addr)
    __rt_errno_addr                          0x08006581   Thumb Code     0  errno.o(i.__aeabi_errno_addr)
    free                                     0x08006589   Thumb Code    88  mallocr.o(i.__free$realloc)
    malloc                                   0x080065e5   Thumb Code    64  mallocr.o(i.__malloc$realloc)
    __scatterload_copy                       0x08006635   Thumb Code    14  handlers.o(i.__scatterload_copy)
    __scatterload_null                       0x08006643   Thumb Code     2  handlers.o(i.__scatterload_null)
    __scatterload_zeroinit                   0x08006645   Thumb Code    14  handlers.o(i.__scatterload_zeroinit)
    _is_digit                                0x080067d9   Thumb Code    14  scanf_fp.o(i._is_digit)
    realloc                                  0x08006f49   Thumb Code   102  mallocr.o(i.realloc)
    strtod                                   0x08006fb5   Thumb Code    28  strtod.o(i.strtod)
    auchCRCHi                                0x08006fd0   Data         256  modbus.o(.constdata)
    auchCRCLo                                0x080070d0   Data         256  modbus.o(.constdata)
    __ctype_table                            0x080071d0   Data         129  ctype_o.o(.constdata)
    Region$$Table$$Base                      0x08007258   Number         0  anon$$obj.o(Region$$Table)
    Region$$Table$$Limit                     0x08007278   Number         0  anon$$obj.o(Region$$Table)
    errcont                                  0x20000000   Data           4  main.o(.data)
    res                                      0x20000004   Data           1  main.o(.data)
    SystemCoreClock                          0x20000008   Data           4  system_stm32f10x.o(.data)
    AHBPrescTable                            0x2000000c   Data          16  system_stm32f10x.o(.data)
    json_start                               0x2000001c   Data           1  service.o(.data)
    json_end                                 0x2000001d   Data           1  service.o(.data)
    RS485_received                           0x2000001e   Data           1  service.o(.data)
    RS485SENDFLAG                            0x2000001f   Data           1  service.o(.data)
    rs485cnt                                 0x20000020   Data           1  service.o(.data)
    RS485SendLength                          0x20000021   Data           1  service.o(.data)
    MQTTSendFlag                             0x20000022   Data           1  service.o(.data)
    MQTTSendCount                            0x20000024   Data           4  service.o(.data)
    p_command                                0x20000028   Data           7  service.o(.data)
    num                                      0x2000002f   Data           2  service.o(.data)
    Scan_Wtime                               0x20000032   Data           1  usart2.o(.data)
    USART2_RX_STA                            0x20000034   Data           2  usart2.o(.data)
    MQTTVAL                                  0x20000038   Data           4  ec20.o(.data)
    Flag_Rec_Message                         0x2000003c   Data           1  ec20.o(.data)
    RS485_RX_CNT                             0x2000003e   Data           2  usart4.o(.data)
    RS485_TX_EN                              0x20000040   Data           1  usart4.o(.data)
    __stdout                                 0x20000070   Data           4  stdout.o(.data)
    __microlib_freelist                      0x20000074   Data           4  mvars.o(.data)
    __microlib_freelist_initialised          0x20000078   Data           4  mvars.o(.data)
    json_parse                               0x20000080   Data         256  service.o(.bss)
    json_send                                0x20000180   Data         512  service.o(.bss)
    RS485SEND                                0x20000380   Data          56  service.o(.bss)
    RS485RECV                                0x200003b8   Data          56  service.o(.bss)
    MQTTSend                                 0x200003f0   Data         512  service.o(.bss)
    rs_command                               0x200005f0   Data          20  service.o(.bss)
    print                                    0x20000604   Data         512  service.o(.bss)
    json_raw_data                            0x20000804   Data         512  service.o(.bss)
    USART2_TX_BUF                            0x20000a08   Data        1024  usart2.o(.bss)
    USART2_RX_BUF                            0x20000e08   Data        1024  usart2.o(.bss)
    EC20CSQ                                  0x20001208   Data         255  ec20.o(.bss)
    AtStrBuf                                 0x20001307   Data         255  ec20.o(.bss)
    RS485_RX_BUF                             0x20001406   Data         512  usart4.o(.bss)
    __heap_base                              0x20001618   Data           0  startup_stm32f10x_hd.o(HEAP)
    __heap_limit                             0x20005618   Data           0  startup_stm32f10x_hd.o(HEAP)
    __initial_sp                             0x20009618   Data           0  startup_stm32f10x_hd.o(STACK)



==============================================================================

Memory Map of the image

  Image Entry point : 0x08000131

  Load Region LR_IROM1 (Base: 0x08000000, Size: 0x000072f8, Max: 0x00040000, ABSOLUTE)

    Execution Region ER_IROM1 (Exec base: 0x08000000, Load base: 0x08000000, Size: 0x00007278, Max: 0x00040000, ABSOLUTE)

    Exec Addr    Load Addr    Size         Type   Attr      Idx    E Section Name        Object

    0x08000000   0x08000000   0x00000130   Data   RO          404    RESET               startup_stm32f10x_hd.o
    0x08000130   0x08000130   0x00000000   Code   RO          541  * .ARM.Collect$$$$00000000  mc_w.l(entry.o)
    0x08000130   0x08000130   0x00000004   Code   RO          877    .ARM.Collect$$$$00000001  mc_w.l(entry2.o)
    0x08000134   0x08000134   0x00000004   Code   RO          880    .ARM.Collect$$$$00000004  mc_w.l(entry5.o)
    0x08000138   0x08000138   0x00000000   Code   RO          882    .ARM.Collect$$$$00000008  mc_w.l(entry7b.o)
    0x08000138   0x08000138   0x00000000   Code   RO          884    .ARM.Collect$$$$0000000A  mc_w.l(entry8b.o)
    0x08000138   0x08000138   0x00000008   Code   RO          885    .ARM.Collect$$$$0000000B  mc_w.l(entry9a.o)
    0x08000140   0x08000140   0x00000004   Code   RO          892    .ARM.Collect$$$$0000000E  mc_w.l(entry12b.o)
    0x08000144   0x08000144   0x00000000   Code   RO          887    .ARM.Collect$$$$0000000F  mc_w.l(entry10a.o)
    0x08000144   0x08000144   0x00000000   Code   RO          889    .ARM.Collect$$$$00000011  mc_w.l(entry11a.o)
    0x08000144   0x08000144   0x00000004   Code   RO          878    .ARM.Collect$$$$00002712  mc_w.l(entry2.o)
    0x08000148   0x08000148   0x00000120   Code   RO            1    .text               main.o
    0x08000268   0x08000268   0x0000001a   Code   RO          127    .text               stm32f10x_it.o
    0x08000282   0x08000282   0x00000002   PAD
    0x08000284   0x08000284   0x000001e0   Code   RO          168    .text               system_stm32f10x.o
    0x08000464   0x08000464   0x00000624   Code   RO          186    .text               service.o
    0x08000a88   0x08000a88   0x00000048   Code   RO          254    .text               led.o
    0x08000ad0   0x08000ad0   0x000002e4   Code   RO          266    .text               usart2.o
    0x08000db4   0x08000db4   0x00000038   Code   RO          292    .text               modbus.o
    0x08000dec   0x08000dec   0x00000650   Code   RO          307    .text               ec20.o
    0x0800143c   0x0800143c   0x0000019c   Code   RO          333    .text               usart4.o
    0x080015d8   0x080015d8   0x000000d4   Code   RO          353    .text               delay.o
    0x080016ac   0x080016ac   0x0000000c   Code   RO          367    .text               sys.o
    0x080016b8   0x080016b8   0x00000114   Code   RO          379    .text               bsp_usart.o
    0x080017cc   0x080017cc   0x00000024   Code   RO          405    .text               startup_stm32f10x_hd.o
    0x080017f0   0x080017f0   0x000000dc   Code   RO          409    .text               misc.o
    0x080018cc   0x080018cc   0x0000035c   Code   RO          421    .text               stm32f10x_gpio.o
    0x08001c28   0x08001c28   0x000003a4   Code   RO          433    .text               stm32f10x_rcc.o
    0x08001fcc   0x08001fcc   0x00000408   Code   RO          447    .text               stm32f10x_usart.o
    0x080023d4   0x080023d4   0x00000e1a   Code   RO          459    .text               stm32f10x_tim.o
    0x080031ee   0x080031ee   0x00000002   PAD
    0x080031f0   0x080031f0   0x00000254   Code   RO          471    .text               stm32f10x_dma.o
    0x08003444   0x08003444   0x00001ff0   Code   RO          483    .text               cjson.o
    0x08005434   0x08005434   0x0000000c   Code   RO          544    .text               mc_w.l(tolower.o)
    0x08005440   0x08005440   0x00000024   Code   RO          546    .text               mc_w.l(memcpya.o)
    0x08005464   0x08005464   0x00000024   Code   RO          548    .text               mc_w.l(memseta.o)
    0x08005488   0x08005488   0x00000024   Code   RO          552    .text               mc_w.l(strstr.o)
    0x080054ac   0x080054ac   0x0000000e   Code   RO          554    .text               mc_w.l(strlen.o)
    0x080054ba   0x080054ba   0x0000001c   Code   RO          556    .text               mc_w.l(strcmp.o)
    0x080054d6   0x080054d6   0x00000028   Code   RO          558    .text               mc_w.l(strncat.o)
    0x080054fe   0x080054fe   0x00000012   Code   RO          560    .text               mc_w.l(strcpy.o)
    0x08005510   0x08005510   0x0000001e   Code   RO          562    .text               mc_w.l(strncmp.o)
    0x0800552e   0x0800552e   0x00000002   PAD
    0x08005530   0x08005530   0x00000038   Code   RO          857    .text               mc_w.l(__0sscanf.o)
    0x08005568   0x08005568   0x00000360   Code   RO          859    .text               mc_w.l(scanf_fp.o)
    0x080058c8   0x080058c8   0x0000001a   Code   RO          863    .text               mc_w.l(atoi.o)
    0x080058e2   0x080058e2   0x000000e4   Code   RO          865    .text               mf_w.l(dmul.o)
    0x080059c6   0x080059c6   0x00000022   Code   RO          867    .text               mf_w.l(dflti.o)
    0x080059e8   0x080059e8   0x0000003e   Code   RO          869    .text               mf_w.l(dfixi.o)
    0x08005a26   0x08005a26   0x00000026   Code   RO          871    .text               mf_w.l(f2d.o)
    0x08005a4c   0x08005a4c   0x00000030   Code   RO          873    .text               mf_w.l(cdcmple.o)
    0x08005a7c   0x08005a7c   0x00000030   Code   RO          875    .text               mf_w.l(cdrcmple.o)
    0x08005aac   0x08005aac   0x0000002c   Code   RO          894    .text               mc_w.l(uidiv.o)
    0x08005ad8   0x08005ad8   0x00000062   Code   RO          896    .text               mc_w.l(uldiv.o)
    0x08005b3a   0x08005b3a   0x00000020   Code   RO          898    .text               mc_w.l(llushr.o)
    0x08005b5a   0x08005b5a   0x00000002   PAD
    0x08005b5c   0x08005b5c   0x00000028   Code   RO          909    .text               mc_w.l(scanf_char.o)
    0x08005b84   0x08005b84   0x00000040   Code   RO          911    .text               mc_w.l(_sgetc.o)
    0x08005bc4   0x08005bc4   0x0000009c   Code   RO          913    .text               mc_w.l(strtod.o)
    0x08005c60   0x08005c60   0x00000070   Code   RO          915    .text               mc_w.l(strtol.o)
    0x08005cd0   0x08005cd0   0x00000000   Code   RO          917    .text               mc_w.l(iusefp.o)
    0x08005cd0   0x08005cd0   0x000000ba   Code   RO          918    .text               mf_w.l(depilogue.o)
    0x08005d8a   0x08005d8a   0x0000014e   Code   RO          920    .text               mf_w.l(dadd.o)
    0x08005ed8   0x08005ed8   0x000000de   Code   RO          922    .text               mf_w.l(ddiv.o)
    0x08005fb6   0x08005fb6   0x00000018   Code   RO          924    .text               mf_w.l(dfltul.o)
    0x08005fce   0x08005fce   0x00000030   Code   RO          926    .text               mf_w.l(dfixul.o)
    0x08005ffe   0x08005ffe   0x00000038   Code   RO          928    .text               mf_w.l(d2f.o)
    0x08006036   0x08006036   0x00000002   PAD
    0x08006038   0x08006038   0x00000024   Code   RO          930    .text               mc_w.l(init.o)
    0x0800605c   0x0800605c   0x0000001e   Code   RO          932    .text               mc_w.l(llshl.o)
    0x0800607a   0x0800607a   0x00000024   Code   RO          934    .text               mc_w.l(llsshr.o)
    0x0800609e   0x0800609e   0x00000002   PAD
    0x080060a0   0x080060a0   0x00000008   Code   RO          938    .text               mc_w.l(ctype_o.o)
    0x080060a8   0x080060a8   0x00000012   Code   RO          960    .text               mc_w.l(isspace_o.o)
    0x080060ba   0x080060ba   0x00000002   PAD
    0x080060bc   0x080060bc   0x00000330   Code   RO          966    .text               mc_w.l(_scanf.o)
    0x080063ec   0x080063ec   0x0000009e   Code   RO          968    .text               mc_w.l(_strtoul.o)
    0x0800648a   0x0800648a   0x0000006e   Code   RO          970    .text               mf_w.l(fepilogue.o)
    0x080064f8   0x080064f8   0x0000001c   Code   RO          975    .text               mc_w.l(_chval.o)
    0x08006514   0x08006514   0x00000020   Code   RO          801    i.__0printf         mc_w.l(printfa.o)
    0x08006534   0x08006534   0x00000028   Code   RO          803    i.__0sprintf        mc_w.l(printfa.o)
    0x0800655c   0x0800655c   0x00000024   Code   RO          807    i.__0vsprintf       mc_w.l(printfa.o)
    0x08006580   0x08006580   0x00000008   Code   RO          902    i.__aeabi_errno_addr  mc_w.l(errno.o)
    0x08006588   0x08006588   0x0000005c   Code   RO          833    i.__free$realloc    mc_w.l(mallocr.o)
    0x080065e4   0x080065e4   0x00000050   Code   RO          834    i.__malloc$realloc  mc_w.l(mallocr.o)
    0x08006634   0x08006634   0x0000000e   Code   RO          979    i.__scatterload_copy  mc_w.l(handlers.o)
    0x08006642   0x08006642   0x00000002   Code   RO          980    i.__scatterload_null  mc_w.l(handlers.o)
    0x08006644   0x08006644   0x0000000e   Code   RO          981    i.__scatterload_zeroinit  mc_w.l(handlers.o)
    0x08006652   0x08006652   0x00000002   PAD
    0x08006654   0x08006654   0x00000184   Code   RO          808    i._fp_digits        mc_w.l(printfa.o)
    0x080067d8   0x080067d8   0x0000000e   Code   RO          861    i._is_digit         mc_w.l(scanf_fp.o)
    0x080067e6   0x080067e6   0x00000002   PAD
    0x080067e8   0x080067e8   0x000006b4   Code   RO          809    i._printf_core      mc_w.l(printfa.o)
    0x08006e9c   0x08006e9c   0x00000024   Code   RO          810    i._printf_post_padding  mc_w.l(printfa.o)
    0x08006ec0   0x08006ec0   0x0000002e   Code   RO          811    i._printf_pre_padding  mc_w.l(printfa.o)
    0x08006eee   0x08006eee   0x0000000a   Code   RO          813    i._sputc            mc_w.l(printfa.o)
    0x08006ef8   0x08006ef8   0x00000050   Code   RO          835    i.internal_alloc    mc_w.l(mallocr.o)
    0x08006f48   0x08006f48   0x0000006c   Code   RO          836    i.realloc           mc_w.l(mallocr.o)
    0x08006fb4   0x08006fb4   0x0000001c   Code   RO          538    i.strtod            m_ws.l(strtod.o)
    0x08006fd0   0x08006fd0   0x00000200   Data   RO          293    .constdata          modbus.o
    0x080071d0   0x080071d0   0x00000081   Data   RO          939    .constdata          mc_w.l(ctype_o.o)
    0x08007251   0x08007251   0x00000003   PAD
    0x08007254   0x08007254   0x00000004   Data   RO          940    .constdata          mc_w.l(ctype_o.o)
    0x08007258   0x08007258   0x00000020   Data   RO          977    Region$$Table       anon$$obj.o


    Execution Region RW_IRAM1 (Exec base: 0x20000000, Load base: 0x08007278, Size: 0x00009618, Max: 0x0000c000, ABSOLUTE)

    Exec Addr    Load Addr    Size         Type   Attr      Idx    E Section Name        Object

    0x20000000   0x08007278   0x00000005   Data   RW            2    .data               main.o
    0x20000005   0x0800727d   0x00000003   PAD
    0x20000008   0x08007280   0x00000014   Data   RW          169    .data               system_stm32f10x.o
    0x2000001c   0x08007294   0x00000015   Data   RW          188    .data               service.o
    0x20000031   0x080072a9   0x00000001   PAD
    0x20000032   0x080072aa   0x00000005   Data   RW          268    .data               usart2.o
    0x20000037   0x080072af   0x00000001   PAD
    0x20000038   0x080072b0   0x00000005   Data   RW          309    .data               ec20.o
    0x2000003d   0x080072b5   0x00000001   PAD
    0x2000003e   0x080072b6   0x00000003   Data   RW          335    .data               usart4.o
    0x20000041   0x080072b9   0x00000001   PAD
    0x20000042   0x080072ba   0x00000004   Data   RW          354    .data               delay.o
    0x20000046   0x080072be   0x00000014   Data   RW          434    .data               stm32f10x_rcc.o
    0x2000005a   0x080072d2   0x00000002   PAD
    0x2000005c   0x080072d4   0x00000014   Data   RW          485    .data               cjson.o
    0x20000070   0x080072e8   0x00000004   Data   RW          893    .data               mc_w.l(stdout.o)
    0x20000074   0x080072ec   0x00000004   Data   RW          900    .data               mc_w.l(mvars.o)
    0x20000078   0x080072f0   0x00000004   Data   RW          901    .data               mc_w.l(mvars.o)
    0x2000007c   0x080072f4   0x00000004   Data   RW          905    .data               mc_w.l(errno.o)
    0x20000080        -       0x00000984   Zero   RW          187    .bss                service.o
    0x20000a04   0x080072f8   0x00000004   PAD
    0x20000a08        -       0x00000800   Zero   RW          267    .bss                usart2.o
    0x20001208        -       0x000001fe   Zero   RW          308    .bss                ec20.o
    0x20001406        -       0x00000200   Zero   RW          334    .bss                usart4.o
    0x20001606        -       0x0000000f   Zero   RW          484    .bss                cjson.o
    0x20001615   0x080072f8   0x00000003   PAD
    0x20001618        -       0x00004000   Zero   RW          403    HEAP                startup_stm32f10x_hd.o
    0x20005618        -       0x00004000   Zero   RW          402    STACK               startup_stm32f10x_hd.o


==============================================================================

Image component sizes


      Code (inc. data)   RO Data    RW Data    ZI Data      Debug   Object Name

       276         10          0          0          0       2238   bsp_usart.o
      8176        160          0         20         15      39454   cjson.o
         0          0          0          0          0         32   core_cm3.o
       212         18          0          4          0        995   delay.o
      1616        716          0          5        510       4261   ec20.o
        72          6          0          0          0        575   led.o
       288        116          0          5          0     279580   main.o
       220         22          0          0          0       1761   misc.o
        56         10        512          0          0       1194   modbus.o
      1572        348          0         21       2436       8235   service.o
        36          8        304          0      32768        772   startup_stm32f10x_hd.o
       596          8          0          0          0       4326   stm32f10x_dma.o
       860         38          0          0          0       5693   stm32f10x_gpio.o
        26          0          0          0          0       1162   stm32f10x_it.o
       932         36          0         20          0       8852   stm32f10x_rcc.o
      3610         88          0          0          0      22800   stm32f10x_tim.o
      1032         22          0          0          0       8420   stm32f10x_usart.o
        12          0          0          0          0        433   sys.o
       480         38          0         20          0       1683   system_stm32f10x.o
       740         36          0          5       2048       3928   usart2.o
       412         34          0          3        512       2406   usart4.o

    ----------------------------------------------------------------------
     21228       1714        848        112      38296     398800   Object Totals
         0          0         32          0          0          0   (incl. Generated)
         4          0          0          9          7          0   (incl. Padding)

    ----------------------------------------------------------------------

      Code (inc. data)   RO Data    RW Data    ZI Data      Debug   Library Member Name

        28          0          0          0          0         80   strtod.o
        56          8          0          0          0         84   __0sscanf.o
        28          0          0          0          0         68   _chval.o
       816          6          0          0          0        112   _scanf.o
        64          0          0          0          0         84   _sgetc.o
       158          0          0          0          0         92   _strtoul.o
        26          0          0          0          0         80   atoi.o
         8          4        133          0          0         68   ctype_o.o
         0          0          0          0          0          0   entry.o
         0          0          0          0          0          0   entry10a.o
         0          0          0          0          0          0   entry11a.o
         4          0          0          0          0          0   entry12b.o
         8          4          0          0          0          0   entry2.o
         4          0          0          0          0          0   entry5.o
         0          0          0          0          0          0   entry7b.o
         0          0          0          0          0          0   entry8b.o
         8          4          0          0          0          0   entry9a.o
         8          4          0          4          0         68   errno.o
        30          0          0          0          0          0   handlers.o
        36          8          0          0          0         68   init.o
        18          0          0          0          0         76   isspace_o.o
         0          0          0          0          0          0   iusefp.o
        30          0          0          0          0         68   llshl.o
        36          0          0          0          0         68   llsshr.o
        32          0          0          0          0         68   llushr.o
       360         30          0          0          0        356   mallocr.o
        36          0          0          0          0         68   memcpya.o
        36          0          0          0          0        108   memseta.o
         0          0          0          8          0          0   mvars.o
      2304        102          0          0          0        696   printfa.o
        40          8          0          0          0         84   scanf_char.o
       878         12          0          0          0        216   scanf_fp.o
         0          0          0          4          0          0   stdout.o
        28          0          0          0          0         76   strcmp.o
        18          0          0          0          0         68   strcpy.o
        14          0          0          0          0         68   strlen.o
        40          0          0          0          0         76   strncat.o
        30          0          0          0          0         80   strncmp.o
        36          0          0          0          0         80   strstr.o
       156         12          0          0          0        120   strtod.o
       112          0          0          0          0         88   strtol.o
        12          0          0          0          0         68   tolower.o
        44          0          0          0          0         80   uidiv.o
        98          0          0          0          0         92   uldiv.o
        48          0          0          0          0         68   cdcmple.o
        48          0          0          0          0         68   cdrcmple.o
        56          0          0          0          0         88   d2f.o
       334          0          0          0          0        148   dadd.o
       222          0          0          0          0        100   ddiv.o
       186          0          0          0          0        176   depilogue.o
        62          0          0          0          0         80   dfixi.o
        48          0          0          0          0         68   dfixul.o
        34          0          0          0          0         76   dflti.o
        24          0          0          0          0         76   dfltul.o
       228          0          0          0          0         96   dmul.o
        38          0          0          0          0         68   f2d.o
       110          0          0          0          0        168   fepilogue.o

    ----------------------------------------------------------------------
      7092        202        136         16          0       4788   Library Totals
        14          0          3          0          0          0   (incl. Padding)

    ----------------------------------------------------------------------

      Code (inc. data)   RO Data    RW Data    ZI Data      Debug   Library Name

        28          0          0          0          0         80   m_ws.l
      5612        202        133         16          0       3428   mc_w.l
      1438          0          0          0          0       1280   mf_w.l

    ----------------------------------------------------------------------
      7092        202        136         16          0       4788   Library Totals

    ----------------------------------------------------------------------

==============================================================================


      Code (inc. data)   RO Data    RW Data    ZI Data      Debug   

     28320       1916        984        128      38296     399424   Grand Totals
     28320       1916        984        128      38296     399424   ELF Image Totals
     28320       1916        984        128          0          0   ROM Totals

==============================================================================

    Total RO  Size (Code + RO Data)                29304 (  28.62kB)
    Total RW  Size (RW Data + ZI Data)             38424 (  37.52kB)
    Total ROM Size (Code + RO Data + RW Data)      29432 (  28.74kB)

==============================================================================

